AM_GM_normal_left_2vars (u v k l right : ℝ) (h1 : k ≥ 0) (h2 : u ≥ 0) (h3 : v ≥ 0) (h4 : k * (u + v) / 2 + l ≤ right) :
  k * sqrt(u * v) + l ≤ right
AM_GM_normal_right_2vars (u v k l left : ℝ) (h1 : k ≥ 0) (h2 : u ≥ 0) (h3 : v ≥ 0)
  (h4 : left ≤ 2 * k * sqrt(u * v) + l) : left ≤ k * (u + v) + l
AM_GM_square_left_2vars (u v k l right : ℝ) (h1 : k ≥ 0) (h4 : k * (u ^ 2 + v ^ 2) / 2 + l ≤ right) :
  k * (u * v) + l ≤ right
AM_GM_square_right_2vars (u v k l left : ℝ) (h1 : k ≥ 0) (h4 : left ≤ 2 * k * (u * v) + l) :
  left ≤ k * (u ^ 2 + v ^ 2) + l
AM_GM_div_left_2vars (u v i j k l right : ℝ) (hk : k ≥ 0) (hi : i ≥ 0) (hu : u ≥ 0) (hv : v ≥ 0)
  (hj : 2 * i * sqrt(u * v) + j > 0) (h : k * (1 / (2 * i * sqrt(u * v) + j)) + l ≤ right) :
  k * (1 / (i * (u + v) + j)) + l ≤ right
AM_GM_div_right_2vars (u v i j k l left : ℝ) (hk : k ≥ 0) (hi : i ≥ 0) (hu : u ≥ 0) (hv : v ≥ 0)
  (hj : i * sqrt(u * v) + j > 0) (h : left ≤ k * (1 / (i * (u + v) / 2 + j)) + l) :
  left ≤ k * (1 / (i * sqrt(u * v) + j)) + l
AM_GM_div_square_left_2vars (u v i j k l right : ℝ) (hk : k ≥ 0) (hi : i ≥ 0) (hj : 2 * i * u * v + j > 0)
  (h : k * (1 / (2 * i * u * v + j)) + l ≤ right) : k * (1 / (i * (u ^ 2 + v ^ 2) + j)) + l ≤ right
AM_GM_div_square_right_2vars (u v i j k l left : ℝ) (hk : k ≥ 0) (hi : i ≥ 0) (hj : i * u * v + j > 0)
  (h : left ≤ k * (1 / (i * (u ^ 2 + v ^ 2) / 2 + j)) + l) : left ≤ k * (1 / (i * u * v + j)) + l
AM_GM_normal_left_3vars (u v w k l right : ℝ) (h1 : k ≥ 0) (h2 : u ≥ 0) (h3 : v ≥ 0) (h4 : w ≥ 0)
  (h5 : k * (u + v + w) / 3 + l ≤ right) : k * (u * v * w) ^ (1 / 3) + l ≤ right
AM_GM_normal_right_3vars (u v w k l left : ℝ) (h1 : k ≥ 0) (h2 : u ≥ 0) (h3 : v ≥ 0) (h4 : w ≥ 0)
  (h5 : left ≤ 3 * k * (u * v * w) ^ (1 / 3) + l) : left ≤ k * (u + v + w) + l
AM_GM_cubic_left_3vars (u v w k l right : ℝ) (h1 : k ≥ 0) (h2 : u ≥ 0) (h3 : v ≥ 0) (h4 : w ≥ 0)
  (h5 : k * (u ^ 3 + v ^ 3 + w ^ 3) / 3 + l ≤ right) : k * (u * v * w) + l ≤ right
AM_GM_cubic_right_3vars (u v w k l left : ℝ) (h1 : k ≥ 0) (h2 : u ≥ 0) (h3 : v ≥ 0) (h4 : w ≥ 0)
  (h5 : left ≤ 3 * k * (u * v * w) + l) : left ≤ k * (u ^ 3 + v ^ 3 + w ^ 3) + l
AM_GM_div_left_3vars (u v w i j k l right : ℝ) (hk : k ≥ 0) (hi : i ≥ 0) (hu : u ≥ 0) (hv : v ≥ 0) (hw : w ≥ 0)
  (hj : 3 * i * (u * v * w) ^ (1 / 3) + j > 0) (h : k * (1 / (3 * i * (u * v * w) ^ (1 / 3) + j)) + l ≤ right) :
  k * (1 / (i * (u + v + w) + j)) + l ≤ right
AM_GM_div_right_3vars (u v w i j k l left : ℝ) (hk : k ≥ 0) (hi : i ≥ 0) (hu : u ≥ 0) (hv : v ≥ 0) (hw : w ≥ 0)
  (hj : i * (u * v * w) ^ (1 / 3) + j > 0) (h : left ≤ k * (1 / (i * (u + v + w) / 3 + j)) + l) :
  left ≤ k * (1 / (i * (u * v * w) ^ (1 / 3) + j)) + l
AM_GM_div_cycle_normal_left_3vars (u1 v1 u2 v2 u3 v3 i1 j1 i2 j2 i3 j3 k l right : ℝ) (hk : k ≥ 0) (hu1 : u1 ≥ 0)
  (hv1 : v1 ≥ 0) (hu2 : u2 ≥ 0) (hv2 : v2 ≥ 0) (hu3 : u3 ≥ 0) (hv3 : v3 ≥ 0) (hi1 : i1 ≥ 0)
  (hj1 : 2 * i1 * sqrt(u1 * v1) + j1 > 0) (hi2 : i2 ≥ 0) (hj2 : 2 * i2 * sqrt(u2 * v2) + j2 > 0) (hi3 : i3 ≥ 0)
  (hj3 : 2 * i3 * sqrt(u3 * v3) + j3 > 0)
  (h :
    k * (1 / (2 * i1 * sqrt(u1 * v1) + j1) + 1 / (2 * i2 * sqrt(u2 * v2) + j2) + 1 / (2 * i3 * sqrt(u3 * v3) + j3)) +
        l ≤
      right) :
  k * (1 / (i1 * (u1 + v1) + j1) + 1 / (i2 * (u2 + v2) + j2) + 1 / (i3 * (u3 + v3) + j3)) + l ≤ right
AM_GM_div_cycle_normal_right_3vars (u1 v1 u2 v2 u3 v3 i1 j1 i2 j2 i3 j3 k l left : ℝ) (hk : k ≥ 0) (hu1 : u1 ≥ 0)
  (hv1 : v1 ≥ 0) (hu2 : u2 ≥ 0) (hv2 : v2 ≥ 0) (hu3 : u3 ≥ 0) (hv3 : v3 ≥ 0) (hi1 : i1 ≥ 0)
  (hj1 : i1 * sqrt(u1 * v1) + j1 > 0) (hi2 : i2 ≥ 0) (hj2 : i2 * sqrt(u2 * v2) + j2 > 0) (hi3 : i3 ≥ 0)
  (hj3 : i3 * sqrt(u3 * v3) + j3 > 0)
  (h : left ≤ k * (1 / (i1 * (u1 + v1) / 2 + j1) + 1 / (i2 * (u2 + v2) / 2 + j2) + 1 / (i3 * (u3 + v3) / 2 + j3)) + l) :
  left ≤ k * (1 / (i1 * sqrt(u1 * v1) + j1) + 1 / (i2 * sqrt(u2 * v2) + j2) + 1 / (i3 * sqrt(u3 * v3) + j3)) + l
AM_GM_div_cycle_square_left_3vars (u1 v1 u2 v2 u3 v3 i1 j1 i2 j2 i3 j3 k l right : ℝ) (hk : k ≥ 0) (hu1 : u1 ≥ 0)
  (hv1 : v1 ≥ 0) (hu2 : u2 ≥ 0) (hv2 : v2 ≥ 0) (hu3 : u3 ≥ 0) (hv3 : v3 ≥ 0) (hi1 : i1 ≥ 0)
  (hj1 : 2 * i1 * u1 * v1 + j1 > 0) (hi2 : i2 ≥ 0) (hj2 : 2 * i2 * u2 * v2 + j2 > 0) (hi3 : i3 ≥ 0)
  (hj3 : 2 * i3 * u3 * v3 + j3 > 0)
  (h : k * (1 / (2 * i1 * u1 * v1 + j1) + 1 / (2 * i2 * u2 * v2 + j2) + 1 / (2 * i3 * u3 * v3 + j3)) + l ≤ right) :
  k * (1 / (i1 * (u1 ^ 2 + v1 ^ 2) + j1) + 1 / (i2 * (u2 ^ 2 + v2 ^ 2) + j2) + 1 / (i3 * (u3 ^ 2 + v3 ^ 2) + j3)) + l ≤
    right
AM_GM_div_cycle_square_right_3vars (u1 v1 u2 v2 u3 v3 i1 j1 i2 j2 i3 j3 k l left : ℝ) (hk : k ≥ 0) (hu1 : u1 ≥ 0)
  (hv1 : v1 ≥ 0) (hu2 : u2 ≥ 0) (hv2 : v2 ≥ 0) (hu3 : u3 ≥ 0) (hv3 : v3 ≥ 0) (hi1 : i1 ≥ 0)
  (hj1 : i1 * u1 * v1 + j1 > 0) (hi2 : i2 ≥ 0) (hj2 : i2 * u2 * v2 + j2 > 0) (hi3 : i3 ≥ 0)
  (hj3 : i3 * u3 * v3 + j3 > 0)
  (h :
    left ≤
      k *
          (1 / (i1 * (u1 ^ 2 + v1 ^ 2) / 2 + j1) + 1 / (i2 * (u2 ^ 2 + v2 ^ 2) / 2 + j2) +
            1 / (i3 * (u3 ^ 2 + v3 ^ 2) / 2 + j3)) +
        l) :
  left ≤ k * (1 / (i1 * u1 * v1 + j1) + 1 / (i2 * u2 * v2 + j2) + 1 / (i3 * u3 * v3 + j3)) + l
AM_GM_sqrt_cbrt_left_3vars (u v w k l right : ℝ) (hu : u ≥ 0) (hv : v ≥ 0) (hw : w ≥ 0) (hk : k ≥ 0)
  (h : k * (sqrt(u * v) + sqrt(v * w) + sqrt(w * u)) / 3 + l ≤ right) : k * (u * v * w) ^ (1 / 3) + l ≤ right
AM_GM_sqrt_cbrt_right_3vars (u v w k l left : ℝ) (hu : u ≥ 0) (hv : v ≥ 0) (hw : w ≥ 0) (hk : k ≥ 0)
  (h : left ≤ k * (3 * (u * v * w) ^ (1 / 3)) + l) : left ≤ k * (sqrt(u * v) + sqrt(v * w) + sqrt(w * u)) + l
AM_GM_normal_left_6vars (u1 u2 u3 u4 u5 u6 k l right : ℝ) (h1 : k ≥ 0) (h2 : u1 ≥ 0) (h3 : u2 ≥ 0) (h4 : u3 ≥ 0)
  (h5 : u4 ≥ 0) (h6 : u5 ≥ 0) (h7 : u6 ≥ 0) (h : k * (u1 + u2 + u3 + u4 + u5 + u6) / 6 + l ≤ right) :
  k * (u1 * u2 * u3 * u4 * u5 * u6) ^ (1 / 6) + l ≤ right
AM_GM_normal_right_6vars (u1 u2 u3 u4 u5 u6 k l left : ℝ) (h1 : k ≥ 0) (h2 : u1 ≥ 0) (h3 : u2 ≥ 0) (h4 : u3 ≥ 0)
  (h5 : u4 ≥ 0) (h6 : u5 ≥ 0) (h7 : u6 ≥ 0) (h : left ≤ 6 * k * (u1 * u2 * u3 * u4 * u5 * u6) ^ (1 / 6) + l) :
  left ≤ k * (u1 + u2 + u3 + u4 + u5 + u6) + l
AM_GM_normal_right_6vars (u1 u2 u3 u4 u5 u6 k l left : ℝ) (h1 : k ≥ 0) (h2 : u1 ≥ 0) (h3 : u2 ≥ 0) (h4 : u3 ≥ 0)
  (h5 : u4 ≥ 0) (h6 : u5 ≥ 0) (h7 : u6 ≥ 0) (h : left ≤ 6 * k * (u1 * u2 * u3 * u4 * u5 * u6) ^ (1 / 6) + l) :
  left ≤ k * (u1 + u2 + u3 + u4 + u5 + u6) + l
