Muirhead_normal_left_2vars (u v p q k l right : ℝ) (ha : u ≥ 0) (hb : v ≥ 0) (hp : p ≥ 0) (hq : q ≥ 0) (hk : k ≥ 0)
  (hl : k * (u ^ (p + q) + v ^ (p + q)) + l ≤ right) : k * (u ^ p * v ^ q + v ^ p * u ^ q) + l ≤ right
Muirhead_normal_Qeq1_left_2vars {q : ℕ} (u v p k l right : ℝ) (ha : u ≥ 0) (hb : v ≥ 0) (hp : p ≥ 0) (hq : q ≥ 0)
  (hk : k ≥ 0) (hl : k * (u ^ (p + 1) + v ^ (p + 1)) + l ≤ right) : k * (u ^ p * v + v ^ p * u) + l ≤ right
Muirhead_onestep_left_2vars (u v p q k l right : ℝ) (ha : u ≥ 0) (hb : v ≥ 0) (hp : p ≥ 0) (hq : q - 1 ≥ 0) (hk : k ≥ 0)
  (h : k * (u ^ (p + 1) * v ^ (q - 1) + v ^ (p + 1) * u ^ (q - 1)) + l ≤ right) :
  k * (u ^ p * v ^ q + v ^ p * u ^ q) + l ≤ right
Muirhead_onestep_right_2vars (u v p q k l left : ℝ) (ha : u ≥ 0) (hb : v ≥ 0) (hp : p - 1 ≥ 0) (hq : q ≥ 0) (hk : k ≥ 0)
  (h : left ≤ k * (u ^ (p - 1) * v ^ (q + 1) + v ^ (p - 1) * u ^ (q + 1)) + l) :
  left ≤ k * (u ^ p * v ^ q + v ^ p * u ^ q) + l
Muirhead_div_right_2vars {i j : ℝ} (u v p q k l left : ℝ) (ha : u ≥ 0) (hb : v ≥ 0) (hp : p ≥ 0) (hq : q ≥ 0)
  (hk : k ≥ 0) (hi : i ≥ 0) (hneg : i * (u ^ p * v ^ q + v ^ p * u ^ q) + j > 0)
  (h : left ≤ k * (1 / (i * (u ^ (p + q) + v ^ (p + q)) + j)) + l) :
  left ≤ k * (1 / (i * (u ^ p * v ^ q + v ^ p * u ^ q) + j)) + l
Muirhead_div_onestep_left_2vars {i j : ℝ} (u v p q k l right : ℝ) (ha : u ≥ 0) (hb : v ≥ 0) (hp : p - 1 ≥ 0)
  (hq : q ≥ 0) (hk : k ≥ 0) (hi : i ≥ 0) (hneg : i * (u ^ (p - 1) * v ^ (q + 1) + v ^ (p - 1) * u ^ (q + 1)) + j > 0)
  (h : k * (1 / (i * (u ^ (p - 1) * v ^ (q + 1) + v ^ (p - 1) * u ^ (q + 1)) + j)) + l ≤ right) :
  k * (1 / (i * (u ^ p * v ^ q + v ^ p * u ^ q) + j)) + l ≤ right
Muirhead_div_onestep_right_2vars {i j : ℝ} (u v p q k l left : ℝ) (ha : u ≥ 0) (hb : v ≥ 0) (hp : p ≥ 0)
  (hq : q - 1 ≥ 0) (hk : k ≥ 0) (hi : i ≥ 0) (hneg : i * (u ^ p * v ^ q + v ^ p * u ^ q) + j > 0)
  (h : left ≤ k * (1 / (i * (u ^ (p + 1) * v ^ (q - 1) + v ^ (p + 1) * u ^ (q - 1)) + j)) + l) :
  left ≤ k * (1 / (i * (u ^ p * v ^ q + v ^ p * u ^ q) + j)) + l
Muirhead_Rneq0_left_3vars (u v w p q r k l right : ℝ) (ha : u ≥ 0) (hb : v ≥ 0) (hc : w ≥ 0) (hp : p ≥ 0) (hq : q ≥ 0)
  (hr : r ≥ 0) (hk : k ≥ 0) (hl : k * (u ^ (p + r) * v ^ q + v ^ (p + r) * w ^ q + w ^ (p + r) * u ^ q) + l ≤ right) :
  k * (u ^ p * v ^ q * w ^ r + v ^ p * w ^ q * u ^ r + w ^ p * u ^ q * v ^ r) + l ≤ right
Muirhead_Req1_left_3vars {right : ℝ} (u v w p q k l : ℝ) (ha : u ≥ 0) (hb : v ≥ 0) (hc : w ≥ 0) (hp : p ≥ 0)
  (hq : q ≥ 0) (hk : k ≥ 0) (hl : k * (u ^ (p + 1) * v ^ q + v ^ (p + 1) * w ^ q + w ^ (p + 1) * u ^ q) + l ≤ right) :
  k * (u ^ p * v ^ q * w + v ^ p * w ^ q * u + w ^ p * u ^ q * v) + l ≤ right
Muirhead_QReq1_left_3vars {right : ℝ} (u v w p k l : ℝ) (ha : u ≥ 0) (hb : v ≥ 0) (hc : w ≥ 0) (hp : p ≥ 0) (hk : k ≥ 0)
  (hl : k * (u ^ (p + 1) * v + v ^ (p + 1) * w + w ^ (p + 1) * u) + l ≤ right) :
  k * (u ^ p * v * w + v ^ p * w * u + w ^ p * u * v) + l ≤ right
Muirhead_Req0_left_3vars (u v w p q k l right : ℝ) (ha : u ≥ 0) (hb : v ≥ 0) (hc : w ≥ 0) (hp : p ≥ 0) (hq : q ≥ 0)
  (hk : k ≥ 0) (hl : k * (u ^ (p + q) + v ^ (p + q) + w ^ (p + q)) + l ≤ right) :
  k * (u ^ p * v ^ q + v ^ p * w ^ q + w ^ p * u ^ q) + l ≤ right
Muirhead_Req0_onestep_left_3vars (u v w p q k l right : ℝ) (ha : u ≥ 0) (hb : v ≥ 0) (hc : w ≥ 0) (hp : p ≥ 0)
  (hq : q - 1 ≥ 0) (hk : k ≥ 0)
  (h : k * (u ^ (p + 1) * v ^ (q - 1) + v ^ (p + 1) * w ^ (q - 1) + w ^ (p + 1) * u ^ (q - 1)) + l ≤ right) :
  k * (u ^ p * v ^ q + v ^ p * w ^ q + w ^ p * u ^ q) + l ≤ right
Muirhead_Req0_onestep_right_3vars (u v w p q k l left : ℝ) (ha : u ≥ 0) (hb : v ≥ 0) (hc : w ≥ 0) (hp : p - 1 ≥ 0)
  (hq : q ≥ 0) (hk : k ≥ 0)
  (h : left ≤ k * (u ^ (p - 1) * v ^ (q + 1) + v ^ (p - 1) * w ^ (q + 1) + w ^ (p - 1) * u ^ (q + 1)) + l) :
  left ≤ k * (u ^ p * v ^ q + v ^ p * w ^ q + w ^ p * u ^ q) + l
Muirhead_Qeq1Req0_left_3vars (u v w p k l right : ℝ) (ha : u ≥ 0) (hb : v ≥ 0) (hc : w ≥ 0) (hp : p ≥ 0) (hk : k ≥ 0)
  (hl : k * (u ^ (p + 1) + v ^ (p + 1) + w ^ (p + 1)) + l ≤ right) : k * (u ^ p * v + v ^ p * w + w ^ p * u) + l ≤ right
Muirhead_Sneq0_left_4vars (u1 u2 u3 u4 p q r s k l right : ℝ) (ha : u1 ≥ 0) (hb : u2 ≥ 0) (hc : u3 ≥ 0) (hd : u4 ≥ 0)
  (hp : p ≥ 0) (hq : q ≥ 0) (hr : r ≥ 0) (hs : s ≥ 0) (hk : k ≥ 0)
  (hl :
    k *
          (u1 ^ (p + s) * u2 ^ q * u3 ^ r + u2 ^ (p + s) * u3 ^ q * u4 ^ r + u3 ^ (p + s) * u4 ^ q * u1 ^ r +
            u4 ^ (p + s) * u1 ^ q * u2 ^ r) +
        l ≤
      right) :
  k *
        (u1 ^ p * u2 ^ q * u3 ^ r * u4 ^ s + u2 ^ p * u3 ^ q * u4 ^ r * u1 ^ s + u3 ^ p * u4 ^ q * u1 ^ r * u2 ^ s +
          u4 ^ p * u1 ^ q * u2 ^ r * u3 ^ s) +
      l ≤
    right
Muirhead_Seq1_left_4vars (u1 u2 u3 u4 p q r k l right : ℝ) (ha : u1 ≥ 0) (hb : u2 ≥ 0) (hc : u3 ≥ 0) (hd : u4 ≥ 0)
  (hp : p ≥ 0) (hq : q ≥ 0) (hr : r ≥ 0) (hk : k ≥ 0)
  (hl :
    k *
          (u1 ^ (p + 1) * u2 ^ q * u3 ^ r + u2 ^ (p + 1) * u3 ^ q * u4 ^ r + u3 ^ (p + 1) * u4 ^ q * u1 ^ r +
            u4 ^ (p + 1) * u1 ^ q * u2 ^ r) +
        l ≤
      right) :
  k *
        (u1 ^ p * u2 ^ q * u3 ^ r * u4 + u2 ^ p * u3 ^ q * u4 ^ r * u1 + u3 ^ p * u4 ^ q * u1 ^ r * u2 +
          u4 ^ p * u1 ^ q * u2 ^ r * u3) +
      l ≤
    right
Muirhead_RSeq1_left_4vars (u1 u2 u3 u4 p q k l right : ℝ) (ha : u1 ≥ 0) (hb : u2 ≥ 0) (hc : u3 ≥ 0) (hd : u4 ≥ 0)
  (hp : p ≥ 0) (hq : q ≥ 0) (hk : k ≥ 0)
  (hl :
    k *
          (u1 ^ (p + 1) * u2 ^ q * u3 + u2 ^ (p + 1) * u3 ^ q * u4 + u3 ^ (p + 1) * u4 ^ q * u1 +
            u4 ^ (p + 1) * u1 ^ q * u2) +
        l ≤
      right) :
  k * (u1 ^ p * u2 ^ q * u3 * u4 + u2 ^ p * u3 ^ q * u4 * u1 + u3 ^ p * u4 ^ q * u1 * u2 + u4 ^ p * u1 ^ q * u2 * u3) +
      l ≤
    right
Muirhead_QRSeq1_left_4vars (u1 u2 u3 u4 p k l right : ℝ) (ha : u1 ≥ 0) (hb : u2 ≥ 0) (hc : u3 ≥ 0) (hd : u4 ≥ 0)
  (hp : p ≥ 0) (hk : k ≥ 0)
  (hl :
    k * (u1 ^ (p + 1) * u2 * u3 + u2 ^ (p + 1) * u3 * u4 + u3 ^ (p + 1) * u4 * u1 + u4 ^ (p + 1) * u1 * u2) + l ≤
      right) :
  k * (u1 ^ p * u2 * u3 * u4 + u2 ^ p * u3 * u4 * u1 + u3 ^ p * u4 * u1 * u2 + u4 ^ p * u1 * u2 * u3) + l ≤ right
Muirhead_Seq0_left_4vars (u1 u2 u3 u4 p q r k l right : ℝ) (ha : u1 ≥ 0) (hb : u2 ≥ 0) (hc : u3 ≥ 0) (hd : u4 ≥ 0)
  (hp : p ≥ 0) (hq : q ≥ 0) (hr : r ≥ 0) (hk : k ≥ 0)
  (hl :
    k * (u1 ^ (p + r) * u2 ^ q + u2 ^ (p + r) * u3 ^ q + u3 ^ (p + r) * u4 ^ q + u4 ^ (p + r) * u1 ^ q) + l ≤ right) :
  k * (u1 ^ p * u2 ^ q * u3 ^ r + u2 ^ p * u3 ^ q * u4 ^ r + u3 ^ p * u4 ^ q * u1 ^ r + u4 ^ p * u1 ^ q * u2 ^ r) + l ≤
    right
Muirhead_Req1Seq0_left_4vars (u1 u2 u3 u4 p q k l right : ℝ) (ha : u1 ≥ 0) (hb : u2 ≥ 0) (hc : u3 ≥ 0) (hd : u4 ≥ 0)
  (hp : p ≥ 0) (hq : q ≥ 0) (hk : k ≥ 0)
  (hl :
    k * (u1 ^ (p + 1) * u2 ^ q + u2 ^ (p + 1) * u3 ^ q + u3 ^ (p + 1) * u4 ^ q + u4 ^ (p + 1) * u1 ^ q) + l ≤ right) :
  k * (u1 ^ p * u2 ^ q * u3 + u2 ^ p * u3 ^ q * u4 + u3 ^ p * u4 ^ q * u1 + u4 ^ p * u1 ^ q * u2) + l ≤ right
Muirhead_QReq1Seq0_left_4vars (u1 u2 u3 u4 p k l right : ℝ) (ha : u1 ≥ 0) (hb : u2 ≥ 0) (hc : u3 ≥ 0) (hd : u4 ≥ 0)
  (hp : p ≥ 0) (hk : k ≥ 0)
  (hl : k * (u1 ^ (p + 1) * u2 + u2 ^ (p + 1) * u3 + u3 ^ (p + 1) * u4 + u4 ^ (p + 1) * u1) + l ≤ right) :
  k * (u1 ^ p * u2 * u3 + u2 ^ p * u3 * u4 + u3 ^ p * u4 * u1 + u4 ^ p * u1 * u2) + l ≤ right
Muirhead_RSeq0_left_4vars (u1 u2 u3 u4 p q k l right : ℝ) (ha : u1 ≥ 0) (hb : u2 ≥ 0) (hc : u3 ≥ 0) (hd : u4 ≥ 0)
  (hp : p ≥ 0) (hq : q ≥ 0) (hk : k ≥ 0)
  (hl : k * (u1 ^ (p + q) + u2 ^ (p + q) + u3 ^ (p + q) + u4 ^ (p + q)) + l ≤ right) :
  k * (u1 ^ p * u2 ^ q + u2 ^ p * u3 ^ q + u3 ^ p * u4 ^ q + u4 ^ p * u1 ^ q) + l ≤ right
Muirhead_Qeq1RSeq0_left_4vars (u1 u2 u3 u4 p k l right : ℝ) (ha : u1 ≥ 0) (hb : u2 ≥ 0) (hc : u3 ≥ 0) (hd : u4 ≥ 0)
  (hp : p ≥ 0) (hk : k ≥ 0) (hl : k * (u1 ^ (p + 1) + u2 ^ (p + 1) + u3 ^ (p + 1) + u4 ^ (p + 1)) + l ≤ right) :
  k * (u1 ^ p * u2 + u2 ^ p * u3 + u3 ^ p * u4 + u4 ^ p * u1) + l ≤ right
