Chebyshev_cycle_left_2vars (u v p q k l right : ℝ) (ha : u ≥ 0) (hb : v ≥ 0) (hp : p ≥ 0) (hq : q ≥ 0) (hk : k ≥ 0)
  (hl : k * (2 * u ^ (p + q) + 2 * v ^ (p + q)) + l ≤ right) : k * (u ^ p + v ^ p) * (u ^ q + v ^ q) + l ≤ right
Chebyshev_cycle_Qeq1_left_2vars (u v p k l right : ℝ) (ha : u ≥ 0) (hb : v ≥ 0) (hp : p ≥ 0) (hk : k ≥ 0)
  (hl : k * (2 * u ^ (p + 1) + 2 * v ^ (p + 1)) + l ≤ right) : k * (u ^ p + v ^ p) * (u + v) + l ≤ right
Chebyshev_cycle_left_3vars (u v w p q k l right : ℝ) (ha : u ≥ 0) (hb : v ≥ 0) (hc : w ≥ 0) (hp : p ≥ 0) (hq : q ≥ 0)
  (hk : k ≥ 0) (hl : k * (3 * u ^ (p + q) + 3 * v ^ (p + q) + 3 * w ^ (p + q)) + l ≤ right) :
  k * (u ^ p + v ^ p + w ^ p) * (u ^ q + v ^ q + w ^ q) + l ≤ right
Chebyshev_cycle_Qeq1_left_3vars (u v w p k l right : ℝ) (ha : u ≥ 0) (hb : v ≥ 0) (hc : w ≥ 0) (hp : p ≥ 0) (hk : k ≥ 0)
  (hl : k * (3 * u ^ (p + 1) + 3 * v ^ (p + 1) + 3 * w ^ (p + 1)) + l ≤ right) :
  k * (u ^ p + v ^ p + w ^ p) * (u + v + w) + l ≤ right
Chebyshev_div_cycle_right_3vars (u v w p q k l left : ℝ) (ha : u > 0) (hb : v > 0) (hc : w > 0) (hp : p ≥ 0)
  (hq : q ≥ 0) (hk : k ≥ 0) (hl : left ≤ k * (3 * u ^ (p - q) + 3 * v ^ (p - q) + 3 * w ^ (p - q)) + l) :
  left ≤ k * (u ^ p + v ^ p + w ^ p) * (1 / u ^ q + 1 / v ^ q + 1 / w ^ q) + l
Chebyshev_div_cycle_Qeq1_right_3vars (u v w p k l left : ℝ) (ha : u > 0) (hb : v > 0) (hc : w > 0) (hp : p ≥ 0)
  (hk : k ≥ 0) (hl : left ≤ k * (3 * u ^ (p - 1) + 3 * v ^ (p - 1) + 3 * w ^ (p - 1)) + l) :
  left ≤ k * (u ^ p + v ^ p + w ^ p) * (1 / u + 1 / v + 1 / w) + l
Chebyshev_div_cycle_Peq1_right_3vars (u v w p k l left : ℝ) (ha : u > 0) (hb : v > 0) (hc : w > 0) (hp : p ≥ 0)
  (hk : k ≥ 0) (hl : left ≤ k * (3 * u ^ (1 - p) + 3 * v ^ (1 - p) + 3 * w ^ (1 - p)) + l) :
  left ≤ k * (u + v + w) * (1 / u ^ p + 1 / v ^ p + 1 / w ^ p) + l
Chebyshev_div_cycle_right_4vars (u1 u2 u3 u4 p q k l left : ℝ) (ha : u1 > 0) (hb : u2 > 0) (hc : u3 > 0) (hd : u4 > 0)
  (hp : p ≥ 0) (hq : q ≥ 0) (hk : k ≥ 0)
  (hl : left ≤ k * (4 * u1 ^ (p - q) + 4 * u2 ^ (p - q) + 4 * u3 ^ (p - q) + 4 * u4 ^ (p - q)) + l) :
  left ≤ k * (u1 ^ p + u2 ^ p + u3 ^ p + u4 ^ p) * (1 / u1 ^ q + 1 / u2 ^ q + 1 / u3 ^ q + 1 / u4 ^ q) + l
Chebyshev_div_cycle_Peq1_right_4vars (u1 u2 u3 u4 p k l left : ℝ) (ha : u1 > 0) (hb : u2 > 0) (hc : u3 > 0)
  (hd : u4 > 0) (hp : p ≥ 0) (hk : k ≥ 0)
  (hl : left ≤ k * (4 * u1 ^ (1 - p) + 4 * u2 ^ (1 - p) + 4 * u3 ^ (1 - p) + 4 * u4 ^ (1 - p)) + l) :
  left ≤ k * (u1 + u2 + u3 + u4) * (1 / u1 ^ p + 1 / u2 ^ p + 1 / u3 ^ p + 1 / u4 ^ p) + l
Chebyshev_div_cycle_Qeq1_right_4vars (u1 u2 u3 u4 p k l left : ℝ) (ha : u1 > 0) (hb : u2 > 0) (hc : u3 > 0)
  (hd : u4 > 0) (hp : p ≥ 0) (hk : k ≥ 0)
  (hl : left ≤ k * (4 * u1 ^ (p - 1) + 4 * u2 ^ (p - 1) + 4 * u3 ^ (p - 1) + 4 * u4 ^ (p - 1)) + l) :
  left ≤ k * (u1 ^ p + u2 ^ p + u3 ^ p + u4 ^ p) * (1 / u1 + 1 / u2 + 1 / u3 + 1 / u4) + l
